2025-10-29 07:20:07,544 - INFO - Successfully generated PDF: reports/pdfBulk\ASTRUM_AURA_GLOBAL_LTD.pdf
2025-10-29 07:20:07,567 - INFO - Successfully generated PDF: reports/pdfBulk\BASQUE_ADVISORY.pdf
2025-10-29 07:20:07,630 - INFO - Successfully generated PDF: reports/pdfBulk\AZEHOWA_LIMITED.pdf
2025-10-29 07:20:07,666 - INFO - Successfully generated PDF: reports/pdfBulk\ATOMIC_OAK_LTD.pdf
2025-10-29 07:20:07,733 - INFO - Successfully generated PDF: reports/pdfBulk\DJR_PROPERTIES_LTD.pdf
2025-10-29 07:20:07,735 - INFO - Successfully generated PDF: reports/pdfBulk\DEMLAD_WORLDWIDE_SERVICES_LIMITED.pdf
2025-10-29 07:20:07,741 - INFO - Successfully generated PDF: reports/pdfBulk\CEU_DEVELOPMENT_LTD.pdf
2025-10-29 07:20:07,744 - INFO - Successfully generated PDF: reports/pdfBulk\BRETTWOOD_COMPANY_LIMITED.pdf
2025-10-29 07:20:08,132 - INFO - Successfully generated PDF: reports/pdfBulk\ELON_DIMENSIONS.pdf
2025-10-29 07:20:08,132 - INFO - Successfully generated PDF: reports/pdfBulk\ELITE_ONLINE_MASTERCLASS_LTD.pdf
2025-10-29 07:20:08,252 - INFO - Successfully generated PDF: reports/pdfBulk\FRESHFACE_SKINCARE_LTD.pdf
2025-10-29 07:20:08,325 - INFO - Successfully generated PDF: reports/pdfBulk\JAIWALSON_LIMITED.pdf
2025-10-29 07:20:08,407 - INFO - Successfully generated PDF: reports/pdfBulk\LAJAY_SUPERMARKET_AND_VILLAGE_MARKET.pdf
2025-10-29 07:20:08,452 - INFO - Successfully generated PDF: reports/pdfBulk\KOKOLET_TECHNOLOGY_LIMITED.pdf
2025-10-29 07:20:08,460 - INFO - Successfully generated PDF: reports/pdfBulk\KLEENPRO_AUTO_SPA.pdf
2025-10-29 07:20:08,463 - INFO - Successfully generated PDF: reports/pdfBulk\JB_AUTOS_INTERNATIONAL.pdf
2025-10-29 07:20:08,781 - INFO - Successfully generated PDF: reports/pdfBulk\MIVIE_AESTHETICS_LTD.pdf
2025-10-29 07:20:08,839 - INFO - Successfully generated PDF: reports/pdfBulk\MICHAEL_UDOH_CHARITABLE_TRUST_FOUNDATION.pdf
2025-10-29 07:20:08,892 - INFO - Successfully generated PDF: reports/pdfBulk\ODION_SICKLE_CELL_FOUNDATION.pdf
2025-10-29 07:20:08,894 - INFO - Successfully generated PDF: reports/pdfBulk\OHISMATT_NIG_LTD.pdf
2025-10-29 07:20:09,058 - INFO - Successfully generated PDF: reports/pdfBulk\RAO_LONDON_LIMITED.pdf
2025-10-29 07:20:09,178 - INFO - Successfully generated PDF: reports/pdfBulk\SLA_GLOBAL_SOLUTIONS_LIMITED.pdf
2025-10-29 07:20:09,192 - INFO - Successfully generated PDF: reports/pdfBulk\RILEVAREY_LIMITED.pdf
2025-10-29 07:20:09,194 - INFO - Successfully generated PDF: reports/pdfBulk\ROCKWOOD_PROPERTIES_LTD.pdf
2025-10-29 07:20:09,407 - INFO - Successfully generated PDF: reports/pdfBulk\SMILEYISHA_VENTURES.pdf
2025-10-29 07:20:09,759 - INFO - Successfully generated PDF: reports/pdfBulk\SURFING__N_TURFING_LIMITED.pdf
2025-10-29 07:20:09,793 - INFO - Successfully generated PDF: reports/pdfBulk\THE_SPACE_ATELIER_LIMITED.pdf
2025-10-29 07:20:09,835 - INFO - Successfully generated PDF: reports/pdfBulk\THE_ONYI_BRAND.pdf
2025-10-29 07:20:09,863 - INFO - Successfully generated PDF: reports/pdfBulk\UNYVERSALMEDIA_FOTOGRAPHY_AND_VIDEOGRAPHY.pdf
2025-10-29 07:20:09,918 - INFO - Successfully generated PDF: reports/pdfBulk\ZOOMDROP_LOGISTICS_LIMITED.pdf
2025-10-29 07:20:09,921 - INFO - Successfully generated PDF: reports/pdfBulk\YAH_SMART_HOMES_AND_SECURITY.pdf
2025-10-29 07:20:09,921 - INFO - Bulk conversion completed successfully.
